[2025-05-20 19:50:10] Response (200):
{"events_received":1,"messages":[],"fbtrace_id":"AJYhEwhsS-vORAStcY7ESgC"}

[2025-05-20 19:53:55] Response (200):
{"events_received":1,"messages":[],"fbtrace_id":"AHTYb0AH5D2EXYLy6S1KGC1"}

[2025-05-20 20:06:52] Response (200):
{"events_received":1,"messages":[],"fbtrace_id":"ApKsrNrhfCT81M4XHow3Jp6"}

[2025-05-20 20:11:38] Response (200):
{"events_received":1,"messages":[],"fbtrace_id":"APNyIfzCw9VevkuKl9qiraA"}

[2025-05-20 20:12:43] Response (200):
{"events_received":1,"messages":[],"fbtrace_id":"ATN8baTARXjGbzQTXuUcIQS"}

[2025-05-20 20:13:07] Response (200):
{"events_received":1,"messages":[],"fbtrace_id":"AC4laZ24wj118PfaCRSPCa2"}

[2025-05-20 20:13:19] Response (200):
{"events_received":1,"messages":[],"fbtrace_id":"A6yJOHS_kvdOfbAsD33QZRq"}

[2025-05-20 20:13:25] Response (200):
{"events_received":1,"messages":[],"fbtrace_id":"AMS4QnJuHMyvS0XM7E0BWwM"}

[2025-05-20 20:13:59] Response (200):
{"events_received":1,"messages":[],"fbtrace_id":"Am2gwnqdbFICq9tU08sSHqC"}

[2025-05-20 20:14:17] Response (200):
{"events_received":1,"messages":[],"fbtrace_id":"AzHeeJm-KZLHd7W4EIcNPVZ"}

[2025-05-20 20:14:23] Response (200):
{"events_received":1,"messages":[],"fbtrace_id":"AmBiIPu09bbft84bsQoQUbx"}

[2025-05-20 20:18:57] Response (200):
{"events_received":1,"messages":[],"fbtrace_id":"At-qK86Vbu07ux-ApQ_QFlu"}

[2025-05-20 20:21:14] Response (200):
{"events_received":1,"messages":[],"fbtrace_id":"AoqyPzVyWPn2O658sujt-0S"}

[2025-05-20 20:21:53] Response (200):
{"events_received":1,"messages":[],"fbtrace_id":"AkeClbedlQ_Cv94jDLi0Hx1"}

[2025-05-20 20:29:35] Response (200):
{"events_received":1,"messages":[],"fbtrace_id":"AOeihIwCcVa3lQFDCljUOAz"}

[2025-05-20 20:30:18] Response (200):
{"events_received":1,"messages":[],"fbtrace_id":"Asy3oKcC3xfINvy14TkBLYm"}

[2025-05-20 20:30:33] Response (200):
{"events_received":1,"messages":[],"fbtrace_id":"Ab4C3r4hrc0RSnRT_SCsEqn"}

[2025-05-20 20:31:03] Response (200):
{"events_received":1,"messages":[],"fbtrace_id":"AlVnVjp8buAsJIGP2tJIPfO"}

[2025-05-20 20:31:24] Response (200):
{"events_received":1,"messages":[],"fbtrace_id":"ASzrONxhQljPQ-Ey9sgBsWL"}

[2025-05-20 20:31:35] Response (200):
{"events_received":1,"messages":[],"fbtrace_id":"AYBQG_UbujooPSeKLhcg0X2"}

[2025-05-20 20:32:28] Response (200):
{"events_received":1,"messages":[],"fbtrace_id":"AENMXPCf6slIbUGILkJM1Qd"}

[2025-05-20 20:33:00] Response (200):
{"events_received":1,"messages":[],"fbtrace_id":"A_nZma6-R7wgf8d4l_PGNuI"}

[2025-05-20 20:34:06] Response (200):
{"events_received":1,"messages":[],"fbtrace_id":"ATpTMSc-9K-rfD_kCxMh9ei"}

[2025-05-20 20:34:53] Response (200):
{"events_received":1,"messages":[],"fbtrace_id":"AIvpxsMR6WqMNG-87da-tNG"}

[2025-05-20 20:35:06] Response (200):
{"events_received":1,"messages":[],"fbtrace_id":"A3IWONvVi8kxTF2X_KA-Cgy"}

[2025-05-20 20:35:14] Response (200):
{"events_received":1,"messages":[],"fbtrace_id":"AfVPbjhIub7wShhppVMc9XN"}

[2025-05-20 20:38:08] Response (200):
{"events_received":1,"messages":[],"fbtrace_id":"AO82fvMlcvEEZQNj3rhS1Oo"}

[2025-05-20 20:38:26] Response (200):
{"events_received":1,"messages":[],"fbtrace_id":"AFI9vUY_Rr9UPjmHIKYSqLo"}

[2025-05-20 20:38:50] Response (200):
{"events_received":1,"messages":[],"fbtrace_id":"A0yDfEkn1VTWEmXKe34g7Za"}

[2025-05-20 20:40:01] Response (200):
{"events_received":1,"messages":[],"fbtrace_id":"ABIYI3HySELFUGqo_aXNYEd"}

[2025-05-20 20:42:24] Response (200):
{"events_received":1,"messages":[],"fbtrace_id":"AXGt18yVcPpvuIc2OQ7_ORE"}

[2025-05-20 20:42:32] Response (200):
{"events_received":1,"messages":[],"fbtrace_id":"A0NwoWfxBReJuOcgtpiIl85"}

[2025-05-20 20:44:30] Response (200):
{"events_received":1,"messages":[],"fbtrace_id":"AxK5mvgWOl3bP7JF_bwcrDD"}

[2025-05-20 20:45:07] Response (200):
{"events_received":1,"messages":[],"fbtrace_id":"AITgAIluLSxG0lL9PNkVZMj"}

[2025-05-20 20:45:19] Response (200):
{"events_received":1,"messages":[],"fbtrace_id":"AwkqhwYLfrhCK0Lul5IUKAw"}

[2025-05-20 20:45:59] Response (200):
{"events_received":1,"messages":[],"fbtrace_id":"AeKh74Xm3wKlMW_N52Jn7lC"}

[2025-05-20 20:46:55] Response (200):
{"events_received":1,"messages":[],"fbtrace_id":"ASaBW6XsISapocIbhdeiH8u"}

[2025-05-20 20:47:21] Response (200):
{"events_received":1,"messages":[],"fbtrace_id":"ABVLiIXt-KlDN0bsfAFp0nS"}

[2025-05-20 20:47:39] Response (200):
{"events_received":1,"messages":[],"fbtrace_id":"AvqE8G3t8YM9GIUVyQks8gO"}

[2025-05-20 20:48:13] Response (200):
{"events_received":1,"messages":[],"fbtrace_id":"AeykBhRxQqiC0bEPIiA-rco"}

[2025-05-20 20:48:19] Response (200):
{"events_received":1,"messages":[],"fbtrace_id":"Au44uT3heMzaT32JL_AIysg"}

[2025-05-20 20:48:29] Response (200):
{"events_received":1,"messages":[],"fbtrace_id":"A9ngMsGQRji7vqE23k470_Z"}

[2025-05-20 20:48:41] Response (200):
{"events_received":1,"messages":[],"fbtrace_id":"A-QT81owGm2ApDhBkcY3lH5"}

[2025-05-20 20:48:54] Response (200):
{"events_received":1,"messages":[],"fbtrace_id":"A6EqmHv01qcgMyS_lAbvSqu"}

[2025-05-20 20:48:59] Response (200):
{"events_received":1,"messages":[],"fbtrace_id":"APMlPkLg9PF7aZhX5Z7pTDz"}

[2025-05-20 20:50:10] Response (200):
{"events_received":1,"messages":[],"fbtrace_id":"A0yfVJsEBye2nfYMMo1cYze"}

[2025-05-20 20:51:58] Response (200):
{"events_received":1,"messages":[],"fbtrace_id":"AqMnb1qE4-U0wrpQSv84Xfl"}

[2025-05-20 20:53:49] Response (200):
{"events_received":1,"messages":[],"fbtrace_id":"A99hR_zTbF8SsfDM2KgOQGJ"}

[2025-05-20 20:54:03] Response (200):
{"events_received":1,"messages":[],"fbtrace_id":"APAbfgVvFEet8fDmPDGiMmB"}

[2025-05-20 20:55:50] Response (200):
{"events_received":1,"messages":[],"fbtrace_id":"AS3zMlLgaYTGSZVWjN37H7P"}

[2025-05-20 20:56:32] Response (200):
{"events_received":1,"messages":[],"fbtrace_id":"A27lWBZoChodEgFYKBbCYh4"}

[2025-05-20 20:59:02] Response (200):
{"events_received":1,"messages":[],"fbtrace_id":"A3IqYQFNpRzNSN8ddk_8Mq7"}

[2025-05-20 20:59:17] Response (200):
{"events_received":1,"messages":[],"fbtrace_id":"AxY1dxWuibO8lBumgdb4978"}

[2025-05-20 20:59:35] Response (200):
{"events_received":1,"messages":[],"fbtrace_id":"A-A12X6D53CNWDSki2Q05ax"}

[2025-05-20 21:00:02] Response (200):
{"events_received":1,"messages":[],"fbtrace_id":"ARM1IjqKwdfpfKo-jjxJ_lt"}

[2025-05-20 21:00:21] Response (200):
{"events_received":1,"messages":[],"fbtrace_id":"AdhGyNri21G4Lu8p8XvPUjS"}

[2025-05-20 21:02:18] Response (200):
{"events_received":1,"messages":[],"fbtrace_id":"Al6HjoHFA2vJNs1DBgw6O9i"}

[2025-05-20 21:04:47] Response (200):
{"events_received":1,"messages":[],"fbtrace_id":"AcXHmi-JT9iijjYcN8Rt9TF"}

[2025-05-20 21:06:28] Response (200):
{"events_received":1,"messages":[],"fbtrace_id":"APVAD2mV6Vqf7t5G79ih8QU"}

[2025-05-20 21:07:04] Response (200):
{"events_received":1,"messages":[],"fbtrace_id":"Aa6aGOb-FLngiURDTG7ZAw_"}

[2025-05-20 21:07:15] Response (200):
{"events_received":1,"messages":[],"fbtrace_id":"AOCopGkoYfhrTsqbxThAk7f"}

[2025-05-20 21:07:25] Response (200):
{"events_received":1,"messages":[],"fbtrace_id":"AOf1bOInYDD3LK80CmxAZrI"}

[2025-05-20 21:08:03] Response (200):
{"events_received":1,"messages":[],"fbtrace_id":"ApiAslEf7pCbTeWbsEXS-Kh"}

[2025-05-20 21:08:13] Response (200):
{"events_received":1,"messages":[],"fbtrace_id":"ARy9tAUPhjsE6oXiJemR9Dr"}

[2025-05-20 21:08:22] Response (200):
{"events_received":1,"messages":[],"fbtrace_id":"AvlV-oKPhInda6TI4SUz_nX"}

[2025-05-20 21:10:36] Response (200):
{"events_received":1,"messages":[],"fbtrace_id":"A2ynnLg7YXBA6R4_OOz-tE1"}

[2025-05-20 21:11:40] Response (200):
{"events_received":1,"messages":[],"fbtrace_id":"ArKWzfYBVWK31FLfKmfZ_qr"}

[2025-05-20 21:12:34] Response (200):
{"events_received":1,"messages":[],"fbtrace_id":"AXK5c4cb5DG3TwgKOSucX21"}

[2025-05-20 21:12:38] Response (200):
{"events_received":1,"messages":[],"fbtrace_id":"Asl-PG5M6jq6nbe04hiuUyc"}

[2025-05-20 21:12:41] Response (200):
{"events_received":1,"messages":[],"fbtrace_id":"AMZfVjh4TFF2tC01obT3VHc"}

[2025-05-20 21:12:44] Response (200):
{"events_received":1,"messages":[],"fbtrace_id":"Amliab--joEkSaaLNYqMwm3"}

[2025-05-20 21:13:10] Response (200):
{"events_received":1,"messages":[],"fbtrace_id":"AcQgk7Di8hCujTr4vD03xut"}

[2025-05-20 21:13:15] Response (200):
{"events_received":1,"messages":[],"fbtrace_id":"AlZchdN7QBbRCVhtj-rqmaG"}

[2025-05-20 21:13:20] Response (200):
{"events_received":1,"messages":[],"fbtrace_id":"A3aKAhM2lH41MOvKnQfa8RP"}

[2025-05-20 21:13:23] Response (200):
{"events_received":1,"messages":[],"fbtrace_id":"A5TYr-ezM6z7IyDtSRW8XbP"}

[2025-05-20 21:13:29] Response (200):
{"events_received":1,"messages":[],"fbtrace_id":"AtPFvdRSCYnXKu7TuzRaXTg"}

[2025-05-20 21:13:34] Response (200):
{"events_received":1,"messages":[],"fbtrace_id":"AwIFxhFC9MfIMEP5VFJ5OJB"}

[2025-05-20 21:13:46] Response (200):
{"events_received":1,"messages":[],"fbtrace_id":"AlvnBHITGJRwCyj3bZa46Om"}

[2025-05-20 21:14:12] Response (200):
{"events_received":1,"messages":[],"fbtrace_id":"AefYlKcg7foVTD3FUSjdEkF"}

[2025-05-20 21:14:21] Response (200):
{"events_received":1,"messages":[],"fbtrace_id":"Au_5odUeIRLA-nqcRterEyh"}

[2025-05-20 21:14:24] Response (200):
{"events_received":1,"messages":[],"fbtrace_id":"APhRWq3IRorLWyISitocvET"}

[2025-05-20 21:14:28] Response (200):
{"events_received":1,"messages":[],"fbtrace_id":"A9_BVp5v4wJVD-8WW5O8RRt"}

[2025-05-20 21:14:31] Response (200):
{"events_received":1,"messages":[],"fbtrace_id":"ArEiSpdeBFf0k_wbHEURX2u"}

[2025-05-20 21:14:36] Response (200):
{"events_received":1,"messages":[],"fbtrace_id":"AyJT__DePNnvbU9Fa044w_v"}

[2025-05-20 21:14:48] Response (200):
{"events_received":1,"messages":[],"fbtrace_id":"ABSsa_72L3j7OVEZ8fxAE_U"}

[2025-05-20 21:14:59] Response (200):
{"events_received":1,"messages":[],"fbtrace_id":"A_ZYOciLUqoAViwJZT8aD6y"}

[2025-05-20 21:17:57] Response (200):
{"events_received":1,"messages":[],"fbtrace_id":"AcFfgsj4LCbmUjgHmKQ6NVm"}

